Warp 1.11.1 initialized:
   CUDA Toolkit 12.9, Driver 12.4
   Devices:
     "cpu"      : "CPU"
     "cuda:0"   : "NVIDIA L4" (22 GiB, sm_89, mempool enabled)
   Kernel cache:
     /home/arijitdasgupta/.cache/warp/1.11.1
2026-02-24 02:42:36,550 [   INFO] Load optimal parameters from: ./experiments_optimization/double_lift_cloth_3/optimal_params.pkl
2026-02-24 02:42:36,550 [   INFO] [GRADIO] Creating trainer...
2026-02-24 02:42:36,551 [   INFO] [DATA]: loading data from ./data/different_types/double_lift_cloth_3/final_data.pkl
2026-02-24 02:42:37,464 [   INFO] [SIMULATION]: Initialize the Spring-Mass System
2026-02-24 02:42:37,641 [   INFO] [SIMULATION]: Creating CUDA graphs...
2026-02-24 02:42:37,641 [   INFO] [SIMULATION]: Capturing graph without backward pass...
Module qqtt.model.diff_simulator.spring_mass_warp cbd8d59 load on device 'cuda:0' took 1.29 ms  (cached)
2026-02-24 02:42:37,837 [   INFO] [SIMULATION]: Main graph captured
2026-02-24 02:42:37,837 [   INFO] [SIMULATION]: Capturing forward graph...
2026-02-24 02:42:37,999 [   INFO] [SIMULATION]: Forward graph captured - initialization complete
2026-02-24 02:42:37,999 [   INFO] [GRADIO] Trainer created successfully
2026-02-24 02:42:38,000 [   INFO] [GRADIO] Loading model from: experiments/double_lift_cloth_3/train/best_99.pth
2026-02-24 02:42:38,000 [   INFO] [GRADIO] Creating Gradio playground...
2026-02-24 02:42:38,000 [   INFO] [GRADIO] Playground created successfully
2026-02-24 02:42:38,000 [   INFO] [GRADIO] Creating Gradio interface...
2026-02-24 02:42:38,609 [   INFO] [GRADIO] Interface created, launching server...
2026-02-24 02:42:38,609 [   INFO] [GRADIO] Launching on 0.0.0.0:7860, share=True

============================================================
[GRADIO] Starting server...
============================================================

* Running on local URL:  http://0.0.0.0:7860
* Running on public URL: https://622e0546d64e8d7a1a.gradio.live

This share link expires in 1 week. For free permanent hosting and GPU upgrades, run `gradio deploy` from the terminal in the working directory to deploy to Hugging Face Spaces (https://huggingface.co/spaces)
